{"timestamp":"2025-08-12T23:33:27.345Z","level":"DEBUG","message":"Usuario se unió a sala personal","socketId":"065tD7yTyBhiVn0QAAAB","userId":13}
{"timestamp":"2025-08-12T23:33:27.404Z","level":"DEBUG","message":"Usuario se unió a conversación","socketId":"065tD7yTyBhiVn0QAAAB","conversationId":"13"}
{"timestamp":"2025-08-12T23:33:42.805Z","level":"DEBUG","message":"Usuario se unió a conversación","socketId":"WMCFVXjTRg1zCESaAAAD","conversationId":"sophia"}
{"timestamp":"2025-08-12T23:33:42.810Z","level":"DEBUG","message":"Usuario se unió a sala personal","socketId":"WMCFVXjTRg1zCESaAAAD","userId":13}
{"timestamp":"2025-08-12T23:33:51.081Z","level":"DEBUG","message":"Usuario se unió a conversación","socketId":"XrcBjM8Wvc_R1BZEAAAF","conversationId":"13"}
{"timestamp":"2025-08-12T23:33:51.086Z","level":"DEBUG","message":"Usuario se unió a sala personal","socketId":"XrcBjM8Wvc_R1BZEAAAF","userId":13}
{"timestamp":"2025-08-12T23:34:08.199Z","level":"DEBUG","message":"Usuario se unió a conversación","socketId":"WvHUT6BBx0kgsuhfAAAH","conversationId":"13"}
{"timestamp":"2025-08-12T23:34:08.206Z","level":"DEBUG","message":"Usuario se unió a sala personal","socketId":"WvHUT6BBx0kgsuhfAAAH","userId":13}
{"timestamp":"2025-08-12T23:34:40.461Z","level":"DEBUG","message":"Usuario se unió a sala personal","socketId":"c5uVmz71Y2qXNuwPAAAJ","userId":13}
{"timestamp":"2025-08-12T23:34:40.487Z","level":"DEBUG","message":"Usuario se unió a conversación","socketId":"c5uVmz71Y2qXNuwPAAAJ","conversationId":"14"}
{"timestamp":"2025-08-12T23:36:52.264Z","level":"DEBUG","message":"Usuario se unió a conversación","socketId":"b8Z3xL8gw9qq0xkwAAAL","conversationId":"14"}
{"timestamp":"2025-08-12T23:36:52.268Z","level":"DEBUG","message":"Usuario se unió a sala personal","socketId":"b8Z3xL8gw9qq0xkwAAAL","userId":13}
{"timestamp":"2025-08-15T06:13:51.281Z","level":"DEBUG","message":"Usuario se unió a sala personal","socketId":"I43NT8ZgqFGWK_kXAAAB","userId":20}
{"timestamp":"2025-08-15T06:13:51.287Z","level":"DEBUG","message":"Usuario se unió a conversación","socketId":"I43NT8ZgqFGWK_kXAAAB","conversationId":"19"}
{"timestamp":"2025-08-15T06:15:29.806Z","level":"DEBUG","message":"Usuario se unió a sala personal","socketId":"x4QPrx5HjW6N2GzPAAAD","userId":20}
{"timestamp":"2025-08-15T06:15:29.995Z","level":"DEBUG","message":"Usuario se unió a conversación","socketId":"x4QPrx5HjW6N2GzPAAAD","conversationId":"19"}
{"timestamp":"2025-08-15T06:15:34.604Z","level":"DEBUG","message":"Usuario se unió a conversación","socketId":"Mzndl2mfMhAd6hXmAAAF","conversationId":"19"}
{"timestamp":"2025-08-15T06:15:34.607Z","level":"DEBUG","message":"Usuario se unió a sala personal","socketId":"Mzndl2mfMhAd6hXmAAAF","userId":20}
{"timestamp":"2025-08-15T06:16:13.157Z","level":"DEBUG","message":"Usuario se unió a sala personal","socketId":"sR7wKSbwzzwAtiO7AAAB","userId":20}
{"timestamp":"2025-08-15T06:16:13.187Z","level":"DEBUG","message":"Usuario se unió a conversación","socketId":"sR7wKSbwzzwAtiO7AAAB","conversationId":"19"}
